// Jest Snapshot v1, https://goo.gl/fbAQLP

exports[`Checks the display data of employees should display employees 1`] = `[Function]`;
