// Jest Snapshot v1, https://goo.gl/fbAQLP

exports[`Checks the display of the Employee Form component should show component Employee Form 1`] = `[Function]`;
