// Jest Snapshot v1, https://goo.gl/fbAQLP

exports[`Checks the display of the Modal component should display the close button 1`] = `[Function]`;
